// Jest Snapshot v1, https://goo.gl/fbAQLP

exports[`OHQ 1`] = `
Array [
  Object {
    "apiVersion": "v1",
    "kind": "Service",
    "metadata": Object {
      "labels": Object {
        "release": "RELEASE_NAME",
      },
      "name": "RELEASE_NAME-django-asgi",
    },
    "spec": Object {
      "ports": Array [
        Object {
          "port": 80,
          "targetPort": 80,
        },
      ],
      "selector": Object {
        "name": "RELEASE_NAME-django-asgi",
      },
      "type": "ClusterIP",
    },
  },
  Object {
    "apiVersion": "apps/v1",
    "kind": "Deployment",
    "metadata": Object {
      "labels": Object {
        "name": "RELEASE_NAME-django-asgi",
        "release": "RELEASE_NAME",
      },
      "name": "RELEASE_NAME-django-asgi",
    },
    "spec": Object {
      "replicas": 4,
      "selector": Object {
        "matchLabels": Object {
          "name": "RELEASE_NAME-django-asgi",
        },
      },
      "strategy": Object {
        "rollingUpdate": Object {
          "maxSurge": 3,
          "maxUnavailable": 0,
        },
        "type": "RollingUpdate",
      },
      "template": Object {
        "metadata": Object {
          "labels": Object {
            "name": "RELEASE_NAME-django-asgi",
          },
        },
        "spec": Object {
          "containers": Array [
            Object {
              "command": Array [
                "/usr/local/bin/asgi-run",
              ],
              "env": Array [
                Object {
                  "name": "DOMAINS",
                  "value": "ohq.io",
                },
                Object {
                  "name": "DJANGO_SETTINGS_MODULE",
                  "value": "officehoursqueue.settings.production",
                },
                Object {
                  "name": "GIT_SHA",
                  "value": "TAG_FROM_CI",
                },
              ],
              "image": "pennlabs/office-hours-queue-backend:TAG_FROM_CI",
              "imagePullPolicy": "IfNotPresent",
              "name": "worker",
              "ports": Array [
                Object {
                  "containerPort": 80,
                },
              ],
            },
          ],
          "volumes": Array [],
        },
      },
    },
  },
  Object {
    "apiVersion": "networking.k8s.io/v1",
    "kind": "Ingress",
    "metadata": Object {
      "labels": Object {
        "release": "RELEASE_NAME",
      },
      "name": "RELEASE_NAME-django-asgi",
    },
    "spec": Object {
      "rules": Array [
        Object {
          "host": "ohq.io",
          "http": Object {
            "paths": Array [
              Object {
                "backend": Object {
                  "service": Object {
                    "name": "RELEASE_NAME-django-asgi",
                    "port": Object {
                      "number": 80,
                    },
                  },
                },
                "path": "/api/ws",
                "pathType": "Prefix",
              },
            ],
          },
        },
      ],
      "tls": Array [
        Object {
          "hosts": Array [
            "ohq.io",
          ],
          "secretName": "ohq-io-tls",
        },
      ],
    },
  },
  Object {
    "apiVersion": "cert-manager.io/v1",
    "kind": "Certificate",
    "metadata": Object {
      "labels": Object {
        "release": "RELEASE_NAME",
      },
      "name": "ohq-io",
    },
    "spec": Object {
      "dnsNames": Array [
        "ohq.io",
        "*.ohq.io",
      ],
      "issuerRef": Object {
        "group": "cert-manager.io",
        "kind": "ClusterIssuer",
        "name": "wildcard-letsencrypt-prod",
      },
      "secretName": "ohq-io-tls",
    },
  },
  Object {
    "apiVersion": "v1",
    "kind": "Service",
    "metadata": Object {
      "labels": Object {
        "release": "RELEASE_NAME",
      },
      "name": "RELEASE_NAME-django-wsgi",
    },
    "spec": Object {
      "ports": Array [
        Object {
          "port": 80,
          "targetPort": 80,
        },
      ],
      "selector": Object {
        "name": "RELEASE_NAME-django-wsgi",
      },
      "type": "ClusterIP",
    },
  },
  Object {
    "apiVersion": "apps/v1",
    "kind": "Deployment",
    "metadata": Object {
      "labels": Object {
        "name": "RELEASE_NAME-django-wsgi",
        "release": "RELEASE_NAME",
      },
      "name": "RELEASE_NAME-django-wsgi",
    },
    "spec": Object {
      "replicas": 8,
      "selector": Object {
        "matchLabels": Object {
          "name": "RELEASE_NAME-django-wsgi",
        },
      },
      "strategy": Object {
        "rollingUpdate": Object {
          "maxSurge": 3,
          "maxUnavailable": 0,
        },
        "type": "RollingUpdate",
      },
      "template": Object {
        "metadata": Object {
          "labels": Object {
            "name": "RELEASE_NAME-django-wsgi",
          },
        },
        "spec": Object {
          "containers": Array [
            Object {
              "env": Array [
                Object {
                  "name": "DOMAINS",
                  "value": "ohq.io",
                },
                Object {
                  "name": "DJANGO_SETTINGS_MODULE",
                  "value": "officehoursqueue.settings.production",
                },
                Object {
                  "name": "GIT_SHA",
                  "value": "TAG_FROM_CI",
                },
              ],
              "image": "pennlabs/office-hours-queue-backend:TAG_FROM_CI",
              "imagePullPolicy": "IfNotPresent",
              "name": "worker",
              "ports": Array [
                Object {
                  "containerPort": 80,
                },
              ],
            },
          ],
          "volumes": Array [],
        },
      },
    },
  },
  Object {
    "apiVersion": "networking.k8s.io/v1",
    "kind": "Ingress",
    "metadata": Object {
      "labels": Object {
        "release": "RELEASE_NAME",
      },
      "name": "RELEASE_NAME-django-wsgi",
    },
    "spec": Object {
      "rules": Array [
        Object {
          "host": "ohq.io",
          "http": Object {
            "paths": Array [
              Object {
                "backend": Object {
                  "service": Object {
                    "name": "RELEASE_NAME-django-wsgi",
                    "port": Object {
                      "number": 80,
                    },
                  },
                },
                "path": "/api",
                "pathType": "Prefix",
              },
              Object {
                "backend": Object {
                  "service": Object {
                    "name": "RELEASE_NAME-django-wsgi",
                    "port": Object {
                      "number": 80,
                    },
                  },
                },
                "path": "/admin",
                "pathType": "Prefix",
              },
              Object {
                "backend": Object {
                  "service": Object {
                    "name": "RELEASE_NAME-django-wsgi",
                    "port": Object {
                      "number": 80,
                    },
                  },
                },
                "path": "/assets",
                "pathType": "Prefix",
              },
            ],
          },
        },
      ],
      "tls": Array [
        Object {
          "hosts": Array [
            "ohq.io",
          ],
          "secretName": "ohq-io-tls",
        },
      ],
    },
  },
  Object {
    "apiVersion": "cert-manager.io/v1",
    "kind": "Certificate",
    "metadata": Object {
      "labels": Object {
        "release": "RELEASE_NAME",
      },
      "name": "ohq-io",
    },
    "spec": Object {
      "dnsNames": Array [
        "ohq.io",
        "*.ohq.io",
      ],
      "issuerRef": Object {
        "group": "cert-manager.io",
        "kind": "ClusterIssuer",
        "name": "wildcard-letsencrypt-prod",
      },
      "secretName": "ohq-io-tls",
    },
  },
  Object {
    "apiVersion": "v1",
    "kind": "Service",
    "metadata": Object {
      "labels": Object {
        "release": "RELEASE_NAME",
      },
      "name": "RELEASE_NAME-react",
    },
    "spec": Object {
      "ports": Array [
        Object {
          "port": 80,
          "targetPort": 80,
        },
      ],
      "selector": Object {
        "name": "RELEASE_NAME-react",
      },
      "type": "ClusterIP",
    },
  },
  Object {
    "apiVersion": "apps/v1",
    "kind": "Deployment",
    "metadata": Object {
      "labels": Object {
        "name": "RELEASE_NAME-react",
        "release": "RELEASE_NAME",
      },
      "name": "RELEASE_NAME-react",
    },
    "spec": Object {
      "replicas": 2,
      "selector": Object {
        "matchLabels": Object {
          "name": "RELEASE_NAME-react",
        },
      },
      "strategy": Object {
        "rollingUpdate": Object {
          "maxSurge": 3,
          "maxUnavailable": 0,
        },
        "type": "RollingUpdate",
      },
      "template": Object {
        "metadata": Object {
          "labels": Object {
            "name": "RELEASE_NAME-react",
          },
        },
        "spec": Object {
          "containers": Array [
            Object {
              "env": Array [
                Object {
                  "name": "DOMAIN",
                  "value": "ohq.io",
                },
                Object {
                  "name": "PORT",
                  "value": "80",
                },
                Object {
                  "name": "GIT_SHA",
                  "value": "TAG_FROM_CI",
                },
              ],
              "image": "pennlabs/office-hours-queue-frontend:TAG_FROM_CI",
              "imagePullPolicy": "IfNotPresent",
              "name": "worker",
              "ports": Array [
                Object {
                  "containerPort": 80,
                },
              ],
            },
          ],
          "volumes": Array [],
        },
      },
    },
  },
  Object {
    "apiVersion": "networking.k8s.io/v1",
    "kind": "Ingress",
    "metadata": Object {
      "labels": Object {
        "release": "RELEASE_NAME",
      },
      "name": "RELEASE_NAME-react",
    },
    "spec": Object {
      "rules": Array [
        Object {
          "host": "ohq.io",
          "http": Object {
            "paths": Array [
              Object {
                "backend": Object {
                  "service": Object {
                    "name": "RELEASE_NAME-react",
                    "port": Object {
                      "number": 80,
                    },
                  },
                },
                "path": "/",
                "pathType": "Prefix",
              },
            ],
          },
        },
      ],
      "tls": Array [
        Object {
          "hosts": Array [
            "ohq.io",
          ],
          "secretName": "ohq-io-tls",
        },
      ],
    },
  },
  Object {
    "apiVersion": "cert-manager.io/v1",
    "kind": "Certificate",
    "metadata": Object {
      "labels": Object {
        "release": "RELEASE_NAME",
      },
      "name": "ohq-io",
    },
    "spec": Object {
      "dnsNames": Array [
        "ohq.io",
        "*.ohq.io",
      ],
      "issuerRef": Object {
        "group": "cert-manager.io",
        "kind": "ClusterIssuer",
        "name": "wildcard-letsencrypt-prod",
      },
      "secretName": "ohq-io-tls",
    },
  },
  Object {
    "apiVersion": "v1",
    "kind": "Service",
    "metadata": Object {
      "labels": Object {
        "release": "RELEASE_NAME",
      },
      "name": "RELEASE_NAME-redis",
    },
    "spec": Object {
      "ports": Array [
        Object {
          "port": 6379,
          "targetPort": 6379,
        },
      ],
      "selector": Object {
        "name": "RELEASE_NAME-redis",
      },
      "type": "ClusterIP",
    },
  },
  Object {
    "apiVersion": "apps/v1",
    "kind": "Deployment",
    "metadata": Object {
      "labels": Object {
        "name": "RELEASE_NAME-redis",
        "release": "RELEASE_NAME",
      },
      "name": "RELEASE_NAME-redis",
    },
    "spec": Object {
      "replicas": 1,
      "selector": Object {
        "matchLabels": Object {
          "name": "RELEASE_NAME-redis",
        },
      },
      "strategy": Object {
        "rollingUpdate": Object {
          "maxSurge": 3,
          "maxUnavailable": 0,
        },
        "type": "RollingUpdate",
      },
      "template": Object {
        "metadata": Object {
          "labels": Object {
            "name": "RELEASE_NAME-redis",
          },
        },
        "spec": Object {
          "containers": Array [
            Object {
              "env": Array [
                Object {
                  "name": "GIT_SHA",
                  "value": "TAG_FROM_CI",
                },
              ],
              "image": "redis:6.0",
              "imagePullPolicy": "IfNotPresent",
              "name": "worker",
              "ports": Array [
                Object {
                  "containerPort": 6379,
                },
              ],
            },
          ],
          "volumes": Array [],
        },
      },
    },
  },
  Object {
    "apiVersion": "v1",
    "kind": "Service",
    "metadata": Object {
      "labels": Object {
        "release": "RELEASE_NAME",
      },
      "name": "RELEASE_NAME-celery",
    },
    "spec": Object {
      "ports": Array [
        Object {
          "port": 80,
          "targetPort": 80,
        },
      ],
      "selector": Object {
        "name": "RELEASE_NAME-celery",
      },
      "type": "ClusterIP",
    },
  },
  Object {
    "apiVersion": "apps/v1",
    "kind": "Deployment",
    "metadata": Object {
      "labels": Object {
        "name": "RELEASE_NAME-celery",
        "release": "RELEASE_NAME",
      },
      "name": "RELEASE_NAME-celery",
    },
    "spec": Object {
      "replicas": 1,
      "selector": Object {
        "matchLabels": Object {
          "name": "RELEASE_NAME-celery",
        },
      },
      "strategy": Object {
        "rollingUpdate": Object {
          "maxSurge": 3,
          "maxUnavailable": 0,
        },
        "type": "RollingUpdate",
      },
      "template": Object {
        "metadata": Object {
          "labels": Object {
            "name": "RELEASE_NAME-celery",
          },
        },
        "spec": Object {
          "containers": Array [
            Object {
              "command": Array [
                "celery",
                "-A",
                "officehoursqueue",
                "worker",
                "-lINFO",
              ],
              "env": Array [
                Object {
                  "name": "DOMAINS",
                  "value": "ohq.io",
                },
                Object {
                  "name": "DJANGO_SETTINGS_MODULE",
                  "value": "officehoursqueue.settings.production",
                },
                Object {
                  "name": "GIT_SHA",
                  "value": "TAG_FROM_CI",
                },
              ],
              "image": "pennlabs/office-hours-queue-backend:TAG_FROM_CI",
              "imagePullPolicy": "IfNotPresent",
              "name": "worker",
              "ports": Array [
                Object {
                  "containerPort": 80,
                },
              ],
            },
          ],
          "volumes": Array [],
        },
      },
    },
  },
  Object {
    "apiVersion": "networking.k8s.io/v1",
    "kind": "Ingress",
    "metadata": Object {
      "labels": Object {
        "release": "RELEASE_NAME",
      },
      "name": "RELEASE_NAME-celery",
    },
    "spec": Object {
      "rules": Array [
        Object {
          "host": "ohq.io",
          "http": Object {
            "paths": Array [],
          },
        },
      ],
      "tls": Array [
        Object {
          "hosts": Array [
            "ohq.io",
          ],
          "secretName": "ohq-io-tls",
        },
      ],
    },
  },
  Object {
    "apiVersion": "cert-manager.io/v1",
    "kind": "Certificate",
    "metadata": Object {
      "labels": Object {
        "release": "RELEASE_NAME",
      },
      "name": "ohq-io",
    },
    "spec": Object {
      "dnsNames": Array [
        "ohq.io",
        "*.ohq.io",
      ],
      "issuerRef": Object {
        "group": "cert-manager.io",
        "kind": "ClusterIssuer",
        "name": "wildcard-letsencrypt-prod",
      },
      "secretName": "ohq-io-tls",
    },
  },
  Object {
    "apiVersion": "batch/v1",
    "kind": "CronJob",
    "metadata": Object {
      "labels": Object {
        "name": "RELEASE_NAME-calculate-waits",
        "release": "RELEASE_NAME",
      },
      "name": "RELEASE_NAME-calculate-waits",
    },
    "spec": Object {
      "failedJobsHistoryLimit": 1,
      "jobTemplate": Object {
        "spec": Object {
          "template": Object {
            "spec": Object {
              "containers": Array [
                Object {
                  "command": Array [
                    "python",
                    "manage.py",
                    "calculatewaittimes",
                  ],
                  "env": Array [
                    Object {
                      "name": "GIT_SHA",
                      "value": "TAG_FROM_CI",
                    },
                  ],
                  "envFrom": Array [
                    Object {
                      "secretRef": Object {
                        "name": "office-hours-queue",
                      },
                    },
                  ],
                  "image": "pennlabs/office-hours-queue-backend:TAG_FROM_CI",
                  "imagePullPolicy": "IfNotPresent",
                  "name": "worker",
                },
              ],
              "restartPolicy": "Never",
            },
          },
        },
      },
      "schedule": "*/5 * * * *",
      "successfulJobsHistoryLimit": 1,
    },
  },
  Object {
    "apiVersion": "batch/v1",
    "kind": "CronJob",
    "metadata": Object {
      "labels": Object {
        "name": "RELEASE_NAME-queue-daily-stat",
        "release": "RELEASE_NAME",
      },
      "name": "RELEASE_NAME-queue-daily-stat",
    },
    "spec": Object {
      "failedJobsHistoryLimit": 1,
      "jobTemplate": Object {
        "spec": Object {
          "template": Object {
            "spec": Object {
              "containers": Array [
                Object {
                  "command": Array [
                    "python",
                    "manage.py",
                    "queue_daily_stat",
                  ],
                  "env": Array [
                    Object {
                      "name": "GIT_SHA",
                      "value": "TAG_FROM_CI",
                    },
                  ],
                  "envFrom": Array [
                    Object {
                      "secretRef": Object {
                        "name": "office-hours-queue",
                      },
                    },
                  ],
                  "image": "pennlabs/office-hours-queue-backend:TAG_FROM_CI",
                  "imagePullPolicy": "IfNotPresent",
                  "name": "worker",
                },
              ],
              "restartPolicy": "Never",
            },
          },
        },
      },
      "schedule": "0 8 * * *",
      "successfulJobsHistoryLimit": 1,
    },
  },
  Object {
    "apiVersion": "batch/v1",
    "kind": "CronJob",
    "metadata": Object {
      "labels": Object {
        "name": "RELEASE_NAME-queue-heatmap-stat",
        "release": "RELEASE_NAME",
      },
      "name": "RELEASE_NAME-queue-heatmap-stat",
    },
    "spec": Object {
      "failedJobsHistoryLimit": 1,
      "jobTemplate": Object {
        "spec": Object {
          "template": Object {
            "spec": Object {
              "containers": Array [
                Object {
                  "command": Array [
                    "python",
                    "manage.py",
                    "queue_heatmap_stat",
                  ],
                  "env": Array [
                    Object {
                      "name": "GIT_SHA",
                      "value": "TAG_FROM_CI",
                    },
                  ],
                  "envFrom": Array [
                    Object {
                      "secretRef": Object {
                        "name": "office-hours-queue",
                      },
                    },
                  ],
                  "image": "pennlabs/office-hours-queue-backend:TAG_FROM_CI",
                  "imagePullPolicy": "IfNotPresent",
                  "name": "worker",
                },
              ],
              "restartPolicy": "Never",
            },
          },
        },
      },
      "schedule": "0 8 * * *",
      "successfulJobsHistoryLimit": 1,
    },
  },
]
`;
